
[1m[46m RUN [49m[22m [36mv4.1.0 [39m[90mC:/Users/irene/OneDrive/Escritorio/MoldCheck_2[39m

 [31m├ù[39m __tests__/features/calculator.property.test.tsx[2m > [22mProperty 7: Answer preservation on back-navigation[2m > [22manswers are identical after back + forward navigation for any answer sequence[33m 13612[2mms[22m[39m
[31m   ÔåÆ Test timed out in 5000ms.
If this is a long-running test, pass a timeout value as the last argument or configure it globally with "testTimeout".[39m
cmd : 
En línea: 1 Carácter: 19
+ ... I = "true"; cmd /c "node_modules\.bin\vitest.cmd --run --reporter=ver ...
+                 ~~~~~~~~~~~~~~~~~~~~~~~~~~~~~~~~~~~~~~~~~~~~~~~~~~~~~~~~~
    + CategoryInfo          : NotSpecified: (:String) [], RemoteException
    + FullyQualifiedErrorId : NativeCommandError
 
[31mÔÄ»ÔÄ»ÔÄ»ÔÄ»ÔÄ»ÔÄ»ÔÄ»[39m[1m[41m Failed Tests 1 
[49m[22m[31mÔÄ»ÔÄ»ÔÄ»ÔÄ»ÔÄ»ÔÄ»ÔÄ»[39m

[41m[1m FAIL [22m[49m __tests__/features/calculator.property.test.tsx[2m 
> [22mProperty 7: Answer preservation on back-navigation[2m > [22manswers 
are identical after back + forward navigation for any answer sequence
[31m[1mError[22m: Test timed out in 5000ms.
If this is a long-running test, pass a timeout value as the last argument or 
configure it globally with "testTimeout".[39m
[36m [2mÔØ»[22m 
__tests__/features/calculator.property.test.tsx:[2m44:3[22m[39m
    [90m 42|[39m
    [90m 43|[39m [34mdescribe[39m([32m"Property 7: Answer preservation on 
back-navigation"[39m[33m,[39m () [33m=>[39m {
    [90m 44|[39m   [34mit[39m(
    [90m   |[39m   [31m^[39m
    [90m 45|[39m     "answers are identical after back + forward navigation 
for any ansÔÇª
    [90m 46|[39m     () [33m=>[39m {

[31m[2mÔÄ»ÔÄ»ÔÄ»ÔÄ»ÔÄ»ÔÄ»ÔÄ»ÔÄ»ÔÄ»ÔÄ»ÔÄ»ÔÄ»ÔÄ»ÔÄ»ÔÄ»ÔÄ»ÔÄ»ÔÄ»ÔÄ»ÔÄ»ÔÄ»ÔÄ»ÔÄ»Ô
Ä»[1/1]ÔÄ»[22m[39m


[2m Test Files [22m [1m[31m1 failed[39m[22m[90m (1)[39m
[2m      Tests [22m [1m[31m1 failed[39m[22m[90m (1)[39m
[2m   Start at [22m 18:11:40
[2m   Duration [22m 16.34s[2m (transform 222ms, setup 247ms, import 376ms, tests 13.62s, environment 1.81s)[22m

